1788956283.553969 client started (14112): version 3.7c, socket /private/tmp/tmux-501/default, protocol 8
1788956283.554058 on Darwin 25.5.0 Darwin Kernel Version 25.5.0: Mon Apr 27 20:41:26 PDT 2026; root:xnu-12377.121.6~2/RELEASE_ARM64_T8132
1788956283.554067 using libevent 2.1.13-stable select
1788956283.554295 using utf8proc 2.11.3
1788956283.554446 using jemalloc 5.3.1-0-g81034ce1f1373e37dc865038e1bc8eeecf559ce8
1788956283.554457 using ncurses 6.6 20251230
1788956283.554474 flags are 0x18010000
1788956283.554480 socket is /private/tmp/tmux-501/default
1788956283.554495 trying connect
1788956283.554548 add peer 0x1081b00e0: 6 (0x0)
1788956283.558754 sending message 111 to peer 0x1081b00e0 (8 bytes)
1788956283.558769 sending message 111 to peer 0x1081b00e0 (8 bytes)
1788956283.558775 sending message 101 to peer 0x1081b00e0 (14 bytes)
1788956283.558780 sending message 109 to peer 0x1081b00e0 (4 bytes)
1788956283.558784 sending message 102 to peer 0x1081b00e0 (13 bytes)
1788956283.558789 sending message 108 to peer 0x1081b00e0 (56 bytes)
1788956283.558793 sending message 112 to peer 0x1081b00e0 (70 bytes)
1788956283.558797 sending message 112 to peer 0x1081b00e0 (5 bytes)
1788956283.558801 sending message 112 to peer 0x1081b00e0 (5 bytes)
1788956283.558805 sending message 112 to peer 0x1081b00e0 (6 bytes)
1788956283.558810 sending message 112 to peer 0x1081b00e0 (6 bytes)
1788956283.558813 sending message 112 to peer 0x1081b00e0 (11 bytes)
1788956283.558817 sending message 112 to peer 0x1081b00e0 (10 bytes)
1788956283.558821 sending message 112 to peer 0x1081b00e0 (13 bytes)
1788956283.558825 sending message 112 to peer 0x1081b00e0 (14 bytes)
1788956283.558829 sending message 112 to peer 0x1081b00e0 (9 bytes)
1788956283.558833 sending message 112 to peer 0x1081b00e0 (21 bytes)
1788956283.558837 sending message 112 to peer 0x1081b00e0 (19 bytes)
1788956283.558841 sending message 112 to peer 0x1081b00e0 (11 bytes)
1788956283.558845 sending message 112 to peer 0x1081b00e0 (21 bytes)
1788956283.558849 sending message 112 to peer 0x1081b00e0 (13 bytes)
1788956283.558853 sending message 112 to peer 0x1081b00e0 (7 bytes)
1788956283.558856 sending message 112 to peer 0x1081b00e0 (13 bytes)
1788956283.558860 sending message 112 to peer 0x1081b00e0 (7 bytes)
1788956283.558864 sending message 112 to peer 0x1081b00e0 (13 bytes)
1788956283.558868 sending message 112 to peer 0x1081b00e0 (9 bytes)
1788956283.558872 sending message 112 to peer 0x1081b00e0 (21 bytes)
1788956283.558875 sending message 112 to peer 0x1081b00e0 (13 bytes)
1788956283.558879 sending message 112 to peer 0x1081b00e0 (9 bytes)
1788956283.558883 sending message 112 to peer 0x1081b00e0 (16 bytes)
1788956283.558887 sending message 112 to peer 0x1081b00e0 (13 bytes)
1788956283.558891 sending message 112 to peer 0x1081b00e0 (9 bytes)
1788956283.558895 sending message 112 to peer 0x1081b00e0 (9 bytes)
1788956283.558899 sending message 112 to peer 0x1081b00e0 (12 bytes)
1788956283.558902 sending message 112 to peer 0x1081b00e0 (8 bytes)
1788956283.558906 sending message 112 to peer 0x1081b00e0 (12 bytes)
1788956283.558910 sending message 112 to peer 0x1081b00e0 (8 bytes)
1788956283.558914 sending message 112 to peer 0x1081b00e0 (13 bytes)
1788956283.558917 sending message 112 to peer 0x1081b00e0 (7 bytes)
1788956283.558921 sending message 112 to peer 0x1081b00e0 (7 bytes)
1788956283.558925 sending message 112 to peer 0x1081b00e0 (9 bytes)
1788956283.558929 sending message 112 to peer 0x1081b00e0 (12 bytes)
1788956283.558932 sending message 112 to peer 0x1081b00e0 (6 bytes)
1788956283.558936 sending message 112 to peer 0x1081b00e0 (9 bytes)
1788956283.558940 sending message 112 to peer 0x1081b00e0 (15 bytes)
1788956283.558944 sending message 112 to peer 0x1081b00e0 (13 bytes)
1788956283.558948 sending message 112 to peer 0x1081b00e0 (9 bytes)
1788956283.558951 sending message 112 to peer 0x1081b00e0 (12 bytes)
1788956283.558955 sending message 112 to peer 0x1081b00e0 (8 bytes)
1788956283.558959 sending message 112 to peer 0x1081b00e0 (14 bytes)
1788956283.558962 sending message 112 to peer 0x1081b00e0 (11 bytes)
1788956283.558974 sending message 112 to peer 0x1081b00e0 (9 bytes)
1788956283.558978 sending message 112 to peer 0x1081b00e0 (10 bytes)
1788956283.558981 sending message 112 to peer 0x1081b00e0 (10 bytes)
1788956283.558984 sending message 112 to peer 0x1081b00e0 (10 bytes)
1788956283.558987 sending message 112 to peer 0x1081b00e0 (10 bytes)
1788956283.558990 sending message 112 to peer 0x1081b00e0 (11 bytes)
1788956283.558993 sending message 112 to peer 0x1081b00e0 (12 bytes)
1788956283.558996 sending message 112 to peer 0x1081b00e0 (12 bytes)
1788956283.558999 sending message 112 to peer 0x1081b00e0 (12 bytes)
1788956283.559002 sending message 112 to peer 0x1081b00e0 (12 bytes)
1788956283.559005 sending message 112 to peer 0x1081b00e0 (12 bytes)
1788956283.559008 sending message 112 to peer 0x1081b00e0 (11 bytes)
1788956283.559011 sending message 112 to peer 0x1081b00e0 (11 bytes)
1788956283.559014 sending message 112 to peer 0x1081b00e0 (12 bytes)
1788956283.559017 sending message 112 to peer 0x1081b00e0 (12 bytes)
1788956283.559020 sending message 112 to peer 0x1081b00e0 (12 bytes)
1788956283.559023 sending message 112 to peer 0x1081b00e0 (12 bytes)
1788956283.559026 sending message 112 to peer 0x1081b00e0 (12 bytes)
1788956283.559029 sending message 112 to peer 0x1081b00e0 (9 bytes)
1788956283.559032 sending message 112 to peer 0x1081b00e0 (12 bytes)
1788956283.559035 sending message 112 to peer 0x1081b00e0 (13 bytes)
1788956283.559038 sending message 112 to peer 0x1081b00e0 (13 bytes)
1788956283.559041 sending message 112 to peer 0x1081b00e0 (13 bytes)
1788956283.559044 sending message 112 to peer 0x1081b00e0 (13 bytes)
1788956283.559047 sending message 112 to peer 0x1081b00e0 (13 bytes)
1788956283.559050 sending message 112 to peer 0x1081b00e0 (8 bytes)
1788956283.559053 sending message 112 to peer 0x1081b00e0 (11 bytes)
1788956283.559055 sending message 112 to peer 0x1081b00e0 (11 bytes)
1788956283.559058 sending message 112 to peer 0x1081b00e0 (11 bytes)
1788956283.559061 sending message 112 to peer 0x1081b00e0 (12 bytes)
1788956283.559064 sending message 112 to peer 0x1081b00e0 (12 bytes)
1788956283.559067 sending message 112 to peer 0x1081b00e0 (12 bytes)
1788956283.559070 sending message 112 to peer 0x1081b00e0 (12 bytes)
1788956283.559073 sending message 112 to peer 0x1081b00e0 (13 bytes)
1788956283.559076 sending message 112 to peer 0x1081b00e0 (13 bytes)
1788956283.559079 sending message 112 to peer 0x1081b00e0 (13 bytes)
1788956283.559082 sending message 112 to peer 0x1081b00e0 (8 bytes)
1788956283.559085 sending message 112 to peer 0x1081b00e0 (13 bytes)
1788956283.559088 sending message 112 to peer 0x1081b00e0 (13 bytes)
1788956283.559091 sending message 112 to peer 0x1081b00e0 (13 bytes)
1788956283.559094 sending message 112 to peer 0x1081b00e0 (13 bytes)
1788956283.559097 sending message 112 to peer 0x1081b00e0 (13 bytes)
1788956283.559101 sending message 112 to peer 0x1081b00e0 (12 bytes)
1788956283.559104 sending message 112 to peer 0x1081b00e0 (12 bytes)
1788956283.559106 sending message 112 to peer 0x1081b00e0 (12 bytes)
1788956283.559109 sending message 112 to peer 0x1081b00e0 (12 bytes)
1788956283.559112 sending message 112 to peer 0x1081b00e0 (13 bytes)
1788956283.559115 sending message 112 to peer 0x1081b00e0 (8 bytes)
1788956283.559118 sending message 112 to peer 0x1081b00e0 (13 bytes)
1788956283.559121 sending message 112 to peer 0x1081b00e0 (13 bytes)
1788956283.559124 sending message 112 to peer 0x1081b00e0 (13 bytes)
1788956283.559127 sending message 112 to peer 0x1081b00e0 (13 bytes)
1788956283.559130 sending message 112 to peer 0x1081b00e0 (13 bytes)
1788956283.559133 sending message 112 to peer 0x1081b00e0 (13 bytes)
1788956283.559136 sending message 112 to peer 0x1081b00e0 (13 bytes)
1788956283.559139 sending message 112 to peer 0x1081b00e0 (12 bytes)
1788956283.559142 sending message 112 to peer 0x1081b00e0 (12 bytes)
1788956283.559145 sending message 112 to peer 0x1081b00e0 (12 bytes)
1788956283.559148 sending message 112 to peer 0x1081b00e0 (8 bytes)
1788956283.559159 sending message 112 to peer 0x1081b00e0 (12 bytes)
1788956283.559163 sending message 112 to peer 0x1081b00e0 (13 bytes)
1788956283.559166 sending message 112 to peer 0x1081b00e0 (13 bytes)
1788956283.559169 sending message 112 to peer 0x1081b00e0 (13 bytes)
1788956283.559172 sending message 112 to peer 0x1081b00e0 (13 bytes)
1788956283.559174 sending message 112 to peer 0x1081b00e0 (13 bytes)
1788956283.559178 sending message 112 to peer 0x1081b00e0 (13 bytes)
1788956283.559181 sending message 112 to peer 0x1081b00e0 (13 bytes)
1788956283.559184 sending message 112 to peer 0x1081b00e0 (13 bytes)
1788956283.559187 sending message 112 to peer 0x1081b00e0 (12 bytes)
1788956283.559189 sending message 112 to peer 0x1081b00e0 (10 bytes)
1788956283.559192 sending message 112 to peer 0x1081b00e0 (12 bytes)
1788956283.559195 sending message 112 to peer 0x1081b00e0 (12 bytes)
1788956283.559198 sending message 112 to peer 0x1081b00e0 (12 bytes)
1788956283.559201 sending message 112 to peer 0x1081b00e0 (13 bytes)
1788956283.559204 sending message 112 to peer 0x1081b00e0 (13 bytes)
1788956283.559208 sending message 112 to peer 0x1081b00e0 (13 bytes)
1788956283.559211 sending message 112 to peer 0x1081b00e0 (13 bytes)
1788956283.559214 sending message 112 to peer 0x1081b00e0 (13 bytes)
1788956283.559217 sending message 112 to peer 0x1081b00e0 (13 bytes)
1788956283.559219 sending message 112 to peer 0x1081b00e0 (13 bytes)
1788956283.559222 sending message 112 to peer 0x1081b00e0 (10 bytes)
1788956283.559225 sending message 112 to peer 0x1081b00e0 (13 bytes)
1788956283.559228 sending message 112 to peer 0x1081b00e0 (12 bytes)
1788956283.559231 sending message 112 to peer 0x1081b00e0 (12 bytes)
1788956283.559234 sending message 112 to peer 0x1081b00e0 (12 bytes)
1788956283.559237 sending message 112 to peer 0x1081b00e0 (10 bytes)
1788956283.559240 sending message 112 to peer 0x1081b00e0 (10 bytes)
1788956283.559243 sending message 112 to peer 0x1081b00e0 (10 bytes)
1788956283.559246 sending message 112 to peer 0x1081b00e0 (12 bytes)
1788956283.559249 sending message 112 to peer 0x1081b00e0 (13 bytes)
1788956283.559252 sending message 112 to peer 0x1081b00e0 (13 bytes)
1788956283.559255 sending message 112 to peer 0x1081b00e0 (13 bytes)
1788956283.559258 sending message 112 to peer 0x1081b00e0 (13 bytes)
1788956283.559261 sending message 112 to peer 0x1081b00e0 (13 bytes)
1788956283.559264 sending message 112 to peer 0x1081b00e0 (10 bytes)
1788956283.559267 sending message 112 to peer 0x1081b00e0 (11 bytes)
1788956283.559270 sending message 112 to peer 0x1081b00e0 (12 bytes)
1788956283.559273 sending message 112 to peer 0x1081b00e0 (12 bytes)
1788956283.559276 sending message 112 to peer 0x1081b00e0 (12 bytes)
1788956283.559279 sending message 112 to peer 0x1081b00e0 (12 bytes)
1788956283.559282 sending message 112 to peer 0x1081b00e0 (12 bytes)
1788956283.559285 sending message 112 to peer 0x1081b00e0 (11 bytes)
1788956283.559288 sending message 112 to peer 0x1081b00e0 (12 bytes)
1788956283.559291 sending message 112 to peer 0x1081b00e0 (12 bytes)
1788956283.559294 sending message 112 to peer 0x1081b00e0 (13 bytes)
1788956283.559296 sending message 112 to peer 0x1081b00e0 (13 bytes)
1788956283.559299 sending message 112 to peer 0x1081b00e0 (13 bytes)
1788956283.559302 sending message 112 to peer 0x1081b00e0 (13 bytes)
1788956283.559305 sending message 112 to peer 0x1081b00e0 (13 bytes)
1788956283.559308 sending message 112 to peer 0x1081b00e0 (10 bytes)
1788956283.559311 sending message 112 to peer 0x1081b00e0 (9 bytes)
1788956283.559314 sending message 112 to peer 0x1081b00e0 (12 bytes)
1788956283.559317 sending message 112 to peer 0x1081b00e0 (13 bytes)
1788956283.559320 sending message 112 to peer 0x1081b00e0 (13 bytes)
1788956283.559323 sending message 112 to peer 0x1081b00e0 (13 bytes)
1788956283.559326 sending message 112 to peer 0x1081b00e0 (13 bytes)
1788956283.559329 sending message 112 to peer 0x1081b00e0 (13 bytes)
1788956283.559332 sending message 112 to peer 0x1081b00e0 (9 bytes)
1788956283.559335 sending message 112 to peer 0x1081b00e0 (12 bytes)
1788956283.559342 sending message 112 to peer 0x1081b00e0 (13 bytes)
1788956283.559345 sending message 112 to peer 0x1081b00e0 (13 bytes)
1788956283.559348 sending message 112 to peer 0x1081b00e0 (13 bytes)
1788956283.559351 sending message 112 to peer 0x1081b00e0 (13 bytes)
1788956283.559354 sending message 112 to peer 0x1081b00e0 (13 bytes)
1788956283.559357 sending message 112 to peer 0x1081b00e0 (11 bytes)
1788956283.559360 sending message 112 to peer 0x1081b00e0 (12 bytes)
1788956283.559363 sending message 112 to peer 0x1081b00e0 (13 bytes)
1788956283.559366 sending message 112 to peer 0x1081b00e0 (13 bytes)
1788956283.559369 sending message 112 to peer 0x1081b00e0 (13 bytes)
1788956283.559372 sending message 112 to peer 0x1081b00e0 (13 bytes)
1788956283.559375 sending message 112 to peer 0x1081b00e0 (13 bytes)
1788956283.559378 sending message 112 to peer 0x1081b00e0 (11 bytes)
1788956283.559381 sending message 112 to peer 0x1081b00e0 (12 bytes)
1788956283.559384 sending message 112 to peer 0x1081b00e0 (12 bytes)
1788956283.559386 sending message 112 to peer 0x1081b00e0 (12 bytes)
1788956283.559389 sending message 112 to peer 0x1081b00e0 (12 bytes)
1788956283.559392 sending message 112 to peer 0x1081b00e0 (12 bytes)
1788956283.559395 sending message 112 to peer 0x1081b00e0 (21 bytes)
1788956283.559398 sending message 112 to peer 0x1081b00e0 (12 bytes)
1788956283.559401 sending message 112 to peer 0x1081b00e0 (9 bytes)
1788956283.559404 sending message 112 to peer 0x1081b00e0 (6 bytes)
1788956283.559407 sending message 112 to peer 0x1081b00e0 (13 bytes)
1788956283.559410 sending message 112 to peer 0x1081b00e0 (10 bytes)
1788956283.559413 sending message 112 to peer 0x1081b00e0 (15 bytes)
1788956283.559416 sending message 112 to peer 0x1081b00e0 (13 bytes)
1788956283.559419 sending message 112 to peer 0x1081b00e0 (9 bytes)
1788956283.559422 sending message 112 to peer 0x1081b00e0 (70 bytes)
1788956283.559425 sending message 112 to peer 0x1081b00e0 (69 bytes)
1788956283.559428 sending message 112 to peer 0x1081b00e0 (34 bytes)
1788956283.559431 sending message 112 to peer 0x1081b00e0 (34 bytes)
1788956283.559434 sending message 112 to peer 0x1081b00e0 (70 bytes)
1788956283.559437 sending message 112 to peer 0x1081b00e0 (12 bytes)
1788956283.559440 sending message 112 to peer 0x1081b00e0 (10 bytes)
1788956283.559443 sending message 112 to peer 0x1081b00e0 (10 bytes)
1788956283.559446 sending message 112 to peer 0x1081b00e0 (15 bytes)
1788956283.559449 sending message 112 to peer 0x1081b00e0 (13 bytes)
1788956283.559452 sending message 112 to peer 0x1081b00e0 (10 bytes)
1788956283.559456 sending message 112 to peer 0x1081b00e0 (10 bytes)
1788956283.559459 sending message 112 to peer 0x1081b00e0 (17 bytes)
1788956283.559462 sending message 112 to peer 0x1081b00e0 (10 bytes)
1788956283.559465 sending message 112 to peer 0x1081b00e0 (13 bytes)
1788956283.559468 sending message 112 to peer 0x1081b00e0 (32 bytes)
1788956283.559471 sending message 112 to peer 0x1081b00e0 (5 bytes)
1788956283.559474 sending message 112 to peer 0x1081b00e0 (9 bytes)
1788956283.559477 sending message 112 to peer 0x1081b00e0 (15 bytes)
1788956283.559480 sending message 112 to peer 0x1081b00e0 (5 bytes)
1788956283.559485 sending message 104 to peer 0x1081b00e0 (0 bytes)
1788956283.559489 sending message 110 to peer 0x1081b00e0 (0 bytes)
1788956283.559492 sending message 107 to peer 0x1081b00e0 (4 bytes)
1788956283.559495 sending message 105 to peer 0x1081b00e0 (106 bytes)
1788956283.559499 sending message 105 to peer 0x1081b00e0 (75 bytes)
1788956283.559502 sending message 105 to peer 0x1081b00e0 (21 bytes)
1788956283.559505 sending message 105 to peer 0x1081b00e0 (19 bytes)
1788956283.559508 sending message 105 to peer 0x1081b00e0 (15 bytes)
1788956283.559511 sending message 105 to peer 0x1081b00e0 (57 bytes)
1788956283.559514 sending message 105 to peer 0x1081b00e0 (27 bytes)
1788956283.559517 sending message 105 to peer 0x1081b00e0 (21 bytes)
1788956283.559520 sending message 105 to peer 0x1081b00e0 (22 bytes)
1788956283.559528 sending message 105 to peer 0x1081b00e0 (62 bytes)
1788956283.559531 sending message 105 to peer 0x1081b00e0 (32 bytes)
1788956283.559535 sending message 105 to peer 0x1081b00e0 (673 bytes)
1788956283.559538 sending message 105 to peer 0x1081b00e0 (47 bytes)
1788956283.559541 sending message 105 to peer 0x1081b00e0 (43 bytes)
1788956283.559544 sending message 105 to peer 0x1081b00e0 (60 bytes)
1788956283.559547 sending message 105 to peer 0x1081b00e0 (17 bytes)
1788956283.559550 sending message 105 to peer 0x1081b00e0 (14 bytes)
1788956283.559553 sending message 105 to peer 0x1081b00e0 (19 bytes)
1788956283.559556 sending message 105 to peer 0x1081b00e0 (8 bytes)
1788956283.559559 sending message 105 to peer 0x1081b00e0 (28 bytes)
1788956283.559562 sending message 105 to peer 0x1081b00e0 (63 bytes)
1788956283.559565 sending message 105 to peer 0x1081b00e0 (24 bytes)
1788956283.559572 sending message 105 to peer 0x1081b00e0 (98 bytes)
1788956283.559577 sending message 105 to peer 0x1081b00e0 (57 bytes)
1788956283.559580 sending message 105 to peer 0x1081b00e0 (18 bytes)
1788956283.559583 sending message 105 to peer 0x1081b00e0 (20 bytes)
1788956283.559586 sending message 105 to peer 0x1081b00e0 (40 bytes)
1788956283.559589 sending message 105 to peer 0x1081b00e0 (30 bytes)
1788956283.559592 sending message 105 to peer 0x1081b00e0 (37 bytes)
1788956283.559595 sending message 105 to peer 0x1081b00e0 (34 bytes)
1788956283.559598 sending message 105 to peer 0x1081b00e0 (185 bytes)
1788956283.559601 sending message 105 to peer 0x1081b00e0 (35 bytes)
1788956283.559605 sending message 105 to peer 0x1081b00e0 (92 bytes)
1788956283.559609 sending message 105 to peer 0x1081b00e0 (32 bytes)
1788956283.559612 sending message 105 to peer 0x1081b00e0 (48 bytes)
1788956283.559615 sending message 105 to peer 0x1081b00e0 (18 bytes)
1788956283.559618 sending message 105 to peer 0x1081b00e0 (45 bytes)
1788956283.559621 sending message 105 to peer 0x1081b00e0 (27 bytes)
1788956283.559624 sending message 105 to peer 0x1081b00e0 (25 bytes)
1788956283.559627 sending message 105 to peer 0x1081b00e0 (15 bytes)
1788956283.559630 sending message 105 to peer 0x1081b00e0 (45 bytes)
1788956283.559633 sending message 105 to peer 0x1081b00e0 (19 bytes)
1788956283.559636 sending message 105 to peer 0x1081b00e0 (95 bytes)
1788956283.559639 sending message 105 to peer 0x1081b00e0 (63 bytes)
1788956283.559642 sending message 105 to peer 0x1081b00e0 (57 bytes)
1788956283.559645 sending message 105 to peer 0x1081b00e0 (25 bytes)
1788956283.559648 sending message 106 to peer 0x1081b00e0 (0 bytes)
1788956283.562180 sending message 200 to peer 0x1081b00e0 (4 bytes)
1788956283.562190 client loop enter
1788956283.573857 peer 0x1081b00e0 message 207
1788956283.573882 sending message 208 to peer 0x1081b00e0 (0 bytes)
1788956293.521152 client_signal: Window size changes: 28
1788956293.521374 sending message 208 to peer 0x1081b00e0 (0 bytes)
1788956307.022015 client_signal: Window size changes: 28
1788956307.022050 sending message 208 to peer 0x1081b00e0 (0 bytes)
1788956307.049109 client_signal: Window size changes: 28
1788956307.049143 sending message 208 to peer 0x1081b00e0 (0 bytes)
1788956307.075125 client_signal: Window size changes: 28
1788956307.075270 sending message 208 to peer 0x1081b00e0 (0 bytes)
1788956307.101102 client_signal: Window size changes: 28
1788956307.101127 sending message 208 to peer 0x1081b00e0 (0 bytes)
1788956307.127346 client_signal: Window size changes: 28
1788956307.127428 sending message 208 to peer 0x1081b00e0 (0 bytes)
1788956307.154887 client_signal: Window size changes: 28
1788956307.154909 sending message 208 to peer 0x1081b00e0 (0 bytes)
1788956307.180814 client_signal: Window size changes: 28
1788956307.180841 sending message 208 to peer 0x1081b00e0 (0 bytes)
1788956307.207606 client_signal: Window size changes: 28
1788956307.207631 sending message 208 to peer 0x1081b00e0 (0 bytes)
1788956307.234267 client_signal: Window size changes: 28
1788956307.234310 sending message 208 to peer 0x1081b00e0 (0 bytes)
1788956307.261127 client_signal: Window size changes: 28
1788956307.261186 sending message 208 to peer 0x1081b00e0 (0 bytes)
1788956307.288033 client_signal: Window size changes: 28
1788956307.288056 sending message 208 to peer 0x1081b00e0 (0 bytes)
1788956307.326383 client_signal: Window size changes: 28
1788956307.326416 sending message 208 to peer 0x1081b00e0 (0 bytes)
1788956307.353149 client_signal: Window size changes: 28
1788956307.353169 sending message 208 to peer 0x1081b00e0 (0 bytes)
1788956307.379379 client_signal: Window size changes: 28
1788956307.379398 sending message 208 to peer 0x1081b00e0 (0 bytes)
1788956307.406728 client_signal: Window size changes: 28
1788956307.406769 sending message 208 to peer 0x1081b00e0 (0 bytes)
1788956307.432942 client_signal: Window size changes: 28
1788956307.432968 sending message 208 to peer 0x1081b00e0 (0 bytes)
1788956307.459084 client_signal: Window size changes: 28
1788956307.459103 sending message 208 to peer 0x1081b00e0 (0 bytes)
1788956307.484991 client_signal: Window size changes: 28
1788956307.485015 sending message 208 to peer 0x1081b00e0 (0 bytes)
1788956307.511297 client_signal: Window size changes: 28
1788956307.511316 sending message 208 to peer 0x1081b00e0 (0 bytes)
1788956307.538008 client_signal: Window size changes: 28
1788956307.538029 sending message 208 to peer 0x1081b00e0 (0 bytes)
1788956307.563969 client_signal: Window size changes: 28
1788956307.563990 sending message 208 to peer 0x1081b00e0 (0 bytes)
1788956307.590365 client_signal: Window size changes: 28
1788956307.590384 sending message 208 to peer 0x1081b00e0 (0 bytes)
1788956307.617845 client_signal: Window size changes: 28
1788956307.617879 sending message 208 to peer 0x1081b00e0 (0 bytes)
1788956307.644798 client_signal: Window size changes: 28
1788956307.644819 sending message 208 to peer 0x1081b00e0 (0 bytes)
1788956307.796640 client_signal: Window size changes: 28
1788956307.796661 sending message 208 to peer 0x1081b00e0 (0 bytes)
1788956307.827763 client_signal: Window size changes: 28
1788956307.827781 sending message 208 to peer 0x1081b00e0 (0 bytes)
1788956307.854379 client_signal: Window size changes: 28
1788956307.854397 sending message 208 to peer 0x1081b00e0 (0 bytes)
1788956307.886310 client_signal: Window size changes: 28
1788956307.886341 sending message 208 to peer 0x1081b00e0 (0 bytes)
1788956307.920223 client_signal: Window size changes: 28
1788956307.920266 sending message 208 to peer 0x1081b00e0 (0 bytes)
1788956307.947197 client_signal: Window size changes: 28
1788956307.947217 sending message 208 to peer 0x1081b00e0 (0 bytes)
1788956307.973226 client_signal: Window size changes: 28
1788956307.973246 sending message 208 to peer 0x1081b00e0 (0 bytes)
1788956320.947328 client_signal: Window size changes: 28
1788956320.948339 sending message 208 to peer 0x1081b00e0 (0 bytes)
1788956320.976664 client_signal: Window size changes: 28
1788956320.976758 sending message 208 to peer 0x1081b00e0 (0 bytes)
1788956321.003574 client_signal: Window size changes: 28
1788956321.003612 sending message 208 to peer 0x1081b00e0 (0 bytes)
1788956321.030803 client_signal: Window size changes: 28
1788956321.030849 sending message 208 to peer 0x1081b00e0 (0 bytes)
1788956321.055984 client_signal: Window size changes: 28
1788956321.056018 sending message 208 to peer 0x1081b00e0 (0 bytes)
1788956321.082879 client_signal: Window size changes: 28
1788956321.082925 sending message 208 to peer 0x1081b00e0 (0 bytes)
1788956321.110449 client_signal: Window size changes: 28
1788956321.110488 sending message 208 to peer 0x1081b00e0 (0 bytes)
1788956321.137196 client_signal: Window size changes: 28
1788956321.137234 sending message 208 to peer 0x1081b00e0 (0 bytes)
1788956321.164642 client_signal: Window size changes: 28
1788956321.164683 sending message 208 to peer 0x1081b00e0 (0 bytes)
1788956321.191230 client_signal: Window size changes: 28
1788956321.191266 sending message 208 to peer 0x1081b00e0 (0 bytes)
1788956321.219147 client_signal: Window size changes: 28
1788956321.219175 sending message 208 to peer 0x1081b00e0 (0 bytes)
1788956321.244664 client_signal: Window size changes: 28
1788956321.244691 sending message 208 to peer 0x1081b00e0 (0 bytes)
1788956321.271093 client_signal: Window size changes: 28
1788956321.271127 sending message 208 to peer 0x1081b00e0 (0 bytes)
1788956321.297601 client_signal: Window size changes: 28
1788956321.297627 sending message 208 to peer 0x1081b00e0 (0 bytes)
1788956321.324290 client_signal: Window size changes: 28
1788956321.324326 sending message 208 to peer 0x1081b00e0 (0 bytes)
1788956321.350984 client_signal: Window size changes: 28
1788956321.351007 sending message 208 to peer 0x1081b00e0 (0 bytes)
1788956321.378490 client_signal: Window size changes: 28
1788956321.378511 sending message 208 to peer 0x1081b00e0 (0 bytes)
1788956321.403822 client_signal: Window size changes: 28
1788956321.403841 sending message 208 to peer 0x1081b00e0 (0 bytes)
1788956321.628190 client_signal: Window size changes: 28
1788956321.628239 sending message 208 to peer 0x1081b00e0 (0 bytes)
1788956321.654076 client_signal: Window size changes: 28
1788956321.654130 sending message 208 to peer 0x1081b00e0 (0 bytes)
1788956321.681069 client_signal: Window size changes: 28
1788956321.681105 sending message 208 to peer 0x1081b00e0 (0 bytes)
1788956321.708864 client_signal: Window size changes: 28
1788956321.708892 sending message 208 to peer 0x1081b00e0 (0 bytes)
1788956321.735616 client_signal: Window size changes: 28
1788956321.735655 sending message 208 to peer 0x1081b00e0 (0 bytes)
1788956321.762335 client_signal: Window size changes: 28
1788956321.762361 sending message 208 to peer 0x1081b00e0 (0 bytes)
1788956321.789178 client_signal: Window size changes: 28
1788956321.789207 sending message 208 to peer 0x1081b00e0 (0 bytes)
1788956321.815629 client_signal: Window size changes: 28
1788956321.815663 sending message 208 to peer 0x1081b00e0 (0 bytes)
1788956321.843156 client_signal: Window size changes: 28
1788956321.843183 sending message 208 to peer 0x1081b00e0 (0 bytes)
1788956321.870468 client_signal: Window size changes: 28
1788956321.870491 sending message 208 to peer 0x1081b00e0 (0 bytes)
1788956321.898373 client_signal: Window size changes: 28
1788956321.898395 sending message 208 to peer 0x1081b00e0 (0 bytes)
1788956321.923747 client_signal: Window size changes: 28
1788956321.923775 sending message 208 to peer 0x1081b00e0 (0 bytes)
1788956321.951317 client_signal: Window size changes: 28
1788956321.951352 sending message 208 to peer 0x1081b00e0 (0 bytes)
1788956321.978153 client_signal: Window size changes: 28
1788956321.978176 sending message 208 to peer 0x1081b00e0 (0 bytes)
1788956322.003212 client_signal: Window size changes: 28
1788956322.003237 sending message 208 to peer 0x1081b00e0 (0 bytes)
1788956322.029982 client_signal: Window size changes: 28
1788956322.030006 sending message 208 to peer 0x1081b00e0 (0 bytes)
1788956322.058383 client_signal: Window size changes: 28
1788956322.058406 sending message 208 to peer 0x1081b00e0 (0 bytes)
1788956322.118822 client_signal: Window size changes: 28
1788956322.118857 sending message 208 to peer 0x1081b00e0 (0 bytes)
1788956322.147462 client_signal: Window size changes: 28
1788956322.147515 sending message 208 to peer 0x1081b00e0 (0 bytes)
1788956322.174088 client_signal: Window size changes: 28
1788956322.174129 sending message 208 to peer 0x1081b00e0 (0 bytes)
1788956322.201151 client_signal: Window size changes: 28
1788956322.201181 sending message 208 to peer 0x1081b00e0 (0 bytes)
1788956322.230642 client_signal: Window size changes: 28
1788956322.230678 sending message 208 to peer 0x1081b00e0 (0 bytes)
1788956322.258273 client_signal: Window size changes: 28
1788956322.258300 sending message 208 to peer 0x1081b00e0 (0 bytes)
1788956322.290004 client_signal: Window size changes: 28
1788956322.290038 sending message 208 to peer 0x1081b00e0 (0 bytes)
1788956322.337854 client_signal: Window size changes: 28
1788956322.337953 sending message 208 to peer 0x1081b00e0 (0 bytes)
1788956322.363868 client_signal: Window size changes: 28
1788956322.363945 sending message 208 to peer 0x1081b00e0 (0 bytes)
1788956322.389990 client_signal: Window size changes: 28
1788956322.390018 sending message 208 to peer 0x1081b00e0 (0 bytes)
1788956322.416808 client_signal: Window size changes: 28
1788956322.416876 sending message 208 to peer 0x1081b00e0 (0 bytes)
1788956322.442698 client_signal: Window size changes: 28
1788956322.442725 sending message 208 to peer 0x1081b00e0 (0 bytes)
1788956322.517704 client_signal: Window size changes: 28
1788956322.517749 sending message 208 to peer 0x1081b00e0 (0 bytes)
1788956322.544466 client_signal: Window size changes: 28
1788956322.544527 sending message 208 to peer 0x1081b00e0 (0 bytes)
1788956322.690669 client_signal: Window size changes: 28
1788956322.690721 sending message 208 to peer 0x1081b00e0 (0 bytes)
1788956322.720204 client_signal: Window size changes: 28
1788956322.720273 sending message 208 to peer 0x1081b00e0 (0 bytes)
1788956322.747007 client_signal: Window size changes: 28
1788956322.747074 sending message 208 to peer 0x1081b00e0 (0 bytes)
1788956322.774967 client_signal: Window size changes: 28
1788956322.775083 sending message 208 to peer 0x1081b00e0 (0 bytes)
1788956322.802908 client_signal: Window size changes: 28
1788956322.802959 sending message 208 to peer 0x1081b00e0 (0 bytes)
1788956322.831433 client_signal: Window size changes: 28
1788956322.831464 sending message 208 to peer 0x1081b00e0 (0 bytes)
1788956322.858268 client_signal: Window size changes: 28
1788956322.858314 sending message 208 to peer 0x1081b00e0 (0 bytes)
1788956322.885264 client_signal: Window size changes: 28
1788956322.885294 sending message 208 to peer 0x1081b00e0 (0 bytes)
1788956633.020067 peer 0x1081b00e0 message 203
1788956633.020616 sending message 205 to peer 0x1081b00e0 (0 bytes)
1788956633.021304 peer 0x1081b00e0 message 204
1788956633.021361 client loop exit
